﻿
> build
> vite build

[36mvite v7.3.2 [32mbuilding client environment for production...[36m[39m
transforming...
[32mÔ£ô[39m 24 modules transformed.
node.exe : [31mÔ£ù[39m Build failed in 248ms
En línea: 1 Carácter: 1
+ & "C:\Program Files\nodejs/node.exe" "C:\Program Files\nodejs/node_mo ...
+ ~~~~~~~~~~~~~~~~~~~~~~~~~~~~~~~~~~~~~~~~~~~~~~~~~~~~~~~~~~~~~~~~~~~~~
    + CategoryInfo          : NotSpecified: ([31mÔ£ù[39m Build failed in 248ms:String) [], RemoteException
    + FullyQualifiedErrorId : NativeCommandError
 
[31merror during build:
[31m[vite]: Rollup failed to resolve import "lodash/debounce" from 
"C:/xampp/htdocs/inventario/resources/js/Pages/Categories/Index.vue".
This is most likely unintended because it can break your application at runtime.
If you do want to externalize this module explicitly add it to
`build.rollupOptions.external`[31m
    at viteLog (file:///C:/xampp/htdocs/inventario/node_modules/vite/dist/node/chunks/config.js:33639:57)
    at onRollupLog (file:///C:/xampp/htdocs/inventario/node_modules/vite/dist/node/chunks/config.js:33669:7)
    at onLog (file:///C:/xampp/htdocs/inventario/node_modules/vite/dist/node/chunks/config.js:33471:4)
    at file:///C:/xampp/htdocs/inventario/node_modules/rollup/dist/es/shared/node-entry.js:21383:32
    at Object.logger [as onLog] 
(file:///C:/xampp/htdocs/inventario/node_modules/rollup/dist/es/shared/node-entry.js:23378:9)
    at ModuleLoader.handleInvalidResolvedId 
(file:///C:/xampp/htdocs/inventario/node_modules/rollup/dist/es/shared/node-entry.js:22122:26)
    at file:///C:/xampp/htdocs/inventario/node_modules/rollup/dist/es/shared/node-entry.js:22080:26[39m
